Reusing configuration cache.
> Task :search:preBuild UP-TO-DATE
> Task :speech:preBuild UP-TO-DATE
> Task :search:preDebugBuild UP-TO-DATE
> Task :highlight:preBuild UP-TO-DATE
> Task :app:preBuild UP-TO-DATE
> Task :search:extractDebugSupportedLocales UP-TO-DATE
> Task :highlight:preDebugBuild UP-TO-DATE
> Task :app:injectCrashlyticsVersionControlInfoDebug UP-TO-DATE
> Task :speech:preDebugBuild UP-TO-DATE
> Task :app:preDebugBuild UP-TO-DATE
> Task :common:preBuild UP-TO-DATE
> Task :ai:preBuild UP-TO-DATE
> Task :search:processDebugNavigationResources UP-TO-DATE
> Task :search:generateDebugResources UP-TO-DATE
> Task :app:injectCrashlyticsMappingFileIdDebug UP-TO-DATE
> Task :app:processDebugGoogleServices UP-TO-DATE
> Task :highlight:extractDebugSupportedLocales UP-TO-DATE
> Task :web:buildWebUi UP-TO-DATE
> Task :document:preBuild UP-TO-DATE
> Task :web:preBuild UP-TO-DATE
> Task :common:preDebugBuild UP-TO-DATE
> Task :speech:extractDebugSupportedLocales UP-TO-DATE
> Task :speech:processDebugNavigationResources UP-TO-DATE
> Task :web:preDebugBuild UP-TO-DATE
> Task :document:preDebugBuild UP-TO-DATE
> Task :ai:preDebugBuild UP-TO-DATE
> Task :app:generateDebugResources UP-TO-DATE
> Task :app:generateDebugBuildConfig UP-TO-DATE
> Task :app:mapDebugSourceSetPaths UP-TO-DATE
> Task :app:extractDebugSupportedLocales UP-TO-DATE
> Task :web:extractDebugSupportedLocales UP-TO-DATE
> Task :highlight:processDebugNavigationResources UP-TO-DATE
> Task :document:processDebugNavigationResources UP-TO-DATE
> Task :common:processDebugNavigationResources UP-TO-DATE
> Task :document:extractDebugSupportedLocales UP-TO-DATE
> Task :common:javaPreCompileDebug UP-TO-DATE
> Task :common:generateDebugResources UP-TO-DATE
> Task :common:extractDebugSupportedLocales UP-TO-DATE
> Task :document:javaPreCompileDebug UP-TO-DATE
> Task :highlight:javaPreCompileDebug UP-TO-DATE
> Task :web:processDebugNavigationResources UP-TO-DATE
> Task :highlight:generateDebugResources UP-TO-DATE
> Task :ai:javaPreCompileDebug UP-TO-DATE
> Task :ai:extractDebugSupportedLocales UP-TO-DATE
> Task :ai:generateDebugResources UP-TO-DATE
> Task :document:generateDebugResources UP-TO-DATE
> Task :speech:generateDebugResources UP-TO-DATE
> Task :common:packageDebugResources UP-TO-DATE
> Task :search:packageDebugResources UP-TO-DATE
> Task :highlight:packageDebugResources UP-TO-DATE
> Task :ai:processDebugNavigationResources UP-TO-DATE
> Task :search:javaPreCompileDebug UP-TO-DATE
> Task :speech:javaPreCompileDebug UP-TO-DATE
> Task :web:javaPreCompileDebug UP-TO-DATE
> Task :common:parseDebugLocalResources UP-TO-DATE
> Task :web:generateDebugResources UP-TO-DATE
> Task :highlight:parseDebugLocalResources UP-TO-DATE
> Task :document:packageDebugResources UP-TO-DATE
> Task :search:parseDebugLocalResources UP-TO-DATE
> Task :ai:packageDebugResources UP-TO-DATE
> Task :common:generateDebugRFile UP-TO-DATE
> Task :speech:packageDebugResources UP-TO-DATE
> Task :highlight:generateDebugRFile UP-TO-DATE
> Task :document:parseDebugLocalResources UP-TO-DATE
> Task :search:generateDebugRFile UP-TO-DATE
> Task :document:generateDebugRFile UP-TO-DATE
> Task :web:packageDebugResources UP-TO-DATE
> Task :ai:parseDebugLocalResources UP-TO-DATE
> Task :speech:parseDebugLocalResources UP-TO-DATE
> Task :ai:generateDebugRFile UP-TO-DATE
> Task :web:parseDebugLocalResources UP-TO-DATE
> Task :speech:generateDebugRFile UP-TO-DATE
> Task :web:generateDebugRFile UP-TO-DATE
> Task :highlight:compileDebugKotlin UP-TO-DATE
> Task :highlight:compileDebugJavaWithJavac NO-SOURCE
> Task :highlight:bundleLibCompileToJarDebug UP-TO-DATE
> Task :app:processDebugNavigationResources UP-TO-DATE

> Task :app:generateDebugLocaleConfig UP-TO-DATE
[=========                              ] 25%                                   

> Task :app:packageDebugResources UP-TO-DATE
> Task :app:parseDebugLocalResources UP-TO-DATE
> Task :app:generateDebugRFile UP-TO-DATE
> Task :common:compileDebugKotlin UP-TO-DATE
> Task :common:compileDebugJavaWithJavac NO-SOURCE
> Task :common:bundleLibCompileToJarDebug UP-TO-DATE
> Task :web:compileDebugKotlin UP-TO-DATE
> Task :document:compileDebugKotlin UP-TO-DATE
> Task :web:compileDebugJavaWithJavac NO-SOURCE
> Task :web:bundleLibCompileToJarDebug UP-TO-DATE
> Task :document:compileDebugJavaWithJavac UP-TO-DATE
> Task :document:bundleLibCompileToJarDebug UP-TO-DATE
> Task :speech:compileDebugKotlin UP-TO-DATE
> Task :speech:compileDebugJavaWithJavac NO-SOURCE
> Task :speech:bundleLibCompileToJarDebug UP-TO-DATE
> Task :ai:compileDebugKotlin UP-TO-DATE
> Task :ai:compileDebugJavaWithJavac NO-SOURCE
> Task :ai:bundleLibCompileToJarDebug UP-TO-DATE
> Task :search:compileDebugKotlin UP-TO-DATE
> Task :search:compileDebugJavaWithJavac NO-SOURCE
> Task :search:bundleLibCompileToJarDebug UP-TO-DATE
> Task :app:kspDebugKotlin UP-TO-DATE
> Task :app:compileDebugKotlin UP-TO-DATE

BUILD SUCCESSFUL in 1s
79 actionable tasks: 79 up-to-date
Configuration cache entry reused.
